// Jest Snapshot v1, https://goo.gl/fbAQLP

exports[`Hashtags (Snapshot) Hashtags renders hello world 1`] = `
<div>
  Hello world
</div>
`;
